Argentina  
Chile  
Argentina  
Chile  
Argentina  
Portugal  
Chile  
Argentina  
Portugal  
Espanha  
O número de elementos são 4.
<models.Node.Node object at 0x00000261AAFFE6A0>
item not in the list
Chile  
Argentina  
Portugal  
Espanha  
<models.Node.Node object at 0x00000261AAFFE6A0>
item not in the list
Chile  
Argentina  
Portugal  
Espanha  
<models.Node.Node object at 0x00000261AAFFE6A0>
item not in the list
Chile  
Argentina  
Portugal  
Espanha  
Chile  
Japao  
Argentina  
Portugal  
Espanha  
Chile  
Japao  
Angola  
Argentina  
Portugal  
Espanha  
O número de elementos são 6.
